// Jest Snapshot v1, https://goo.gl/fbAQLP

exports[`<Example /> shold render the heading 1`] = `
.c0 {
  width: 100%;
  display: -webkit-box;
  display: -webkit-flex;
  display: -ms-flexbox;
  display: flex;
  padding: 3rem;
  -webkit-flex-direction: column;
  -ms-flex-direction: column;
  flex-direction: column;
  -webkit-align-items: center;
  -webkit-box-align: center;
  -ms-flex-align: center;
  align-items: center;
  text-align: center;
  -webkit-box-pack: center;
  -webkit-justify-content: center;
  -ms-flex-pack: center;
  justify-content: center;
}

.c1 {
  font-size: 2.5rem;
}

.c2 {
  font-size: 2rem;
  font-weight: 300;
  margin-top: 1rem;
}

<div
  class="c0"
>
  <h1
    class="c1"
  >
    Boilerplae NextJS
  </h1>
  <h2
    class="c2"
  >
    Typescript, ReactJS, NextJS e Styled Components
  </h2>
</div>
`;
